failures
debug_callableNotUnique
| code/class_properties.py:7:5:7:18 | Function arg | Qualified function name 'Prop.arg' is not unique within its file. Please fix. |
| code/class_properties.py:12:5:12:25 | Function arg | Qualified function name 'Prop.arg' is not unique within its file. Please fix. |
| code/class_properties.py:17:5:17:18 | Function arg | Qualified function name 'Prop.arg' is not unique within its file. Please fix. |
pointsTo_found_typeTracker_notFound
| code/class_attr_assign.py:10:9:10:27 | ControlFlowNode for Attribute() | my_func |
| code/class_attr_assign.py:11:9:11:25 | ControlFlowNode for Attribute() | my_func |
| code/class_attr_assign.py:26:9:26:25 | ControlFlowNode for Attribute() | DummyObject.method |
| code/class_super.py:50:1:50:6 | ControlFlowNode for Attribute() | outside_def |
| code/conditional_in_argument.py:18:5:18:11 | ControlFlowNode for Attribute() | X.bar |
| code/func_defined_outside_class.py:21:1:21:11 | ControlFlowNode for Attribute() | A.foo |
| code/func_defined_outside_class.py:22:1:22:15 | ControlFlowNode for Attribute() | outside |
| code/func_defined_outside_class.py:24:1:24:14 | ControlFlowNode for Attribute() | outside_sm |
| code/func_defined_outside_class.py:25:1:25:14 | ControlFlowNode for Attribute() | outside_cm |
| code/func_defined_outside_class.py:38:11:38:21 | ControlFlowNode for _gen() | B._gen |
| code/func_defined_outside_class.py:39:11:39:21 | ControlFlowNode for _gen() | B._gen |
| code/func_defined_outside_class.py:42:1:42:7 | ControlFlowNode for Attribute() | B._gen.func |
| code/func_defined_outside_class.py:43:1:43:7 | ControlFlowNode for Attribute() | B._gen.func |
| code/type_tracking_limitation.py:8:1:8:3 | ControlFlowNode for x() | my_func |
typeTracker_found_pointsTo_notFound
| code/callable_as_argument.py:29:5:29:12 | ControlFlowNode for Attribute() | test_class.InsideTestFunc.sm |
| code/class_more_mro2.py:18:9:18:21 | ControlFlowNode for Attribute() | A.foo |
| code/class_more_mro2.py:21:1:21:8 | ControlFlowNode for Attribute() | A.foo |
| code/class_more_mro.py:24:9:24:21 | ControlFlowNode for Attribute() | A.foo |
| code/class_more_mro.py:34:1:34:16 | ControlFlowNode for Attribute() | A.foo |
| code/class_super.py:43:9:43:21 | ControlFlowNode for Attribute() | A.bar |
| code/class_super.py:44:9:44:27 | ControlFlowNode for Attribute() | A.bar |
| code/class_super.py:63:1:63:18 | ControlFlowNode for Attribute() | A.foo |
| code/class_super.py:78:9:78:28 | ControlFlowNode for Attribute() | A.foo |
| code/class_super.py:81:1:81:12 | ControlFlowNode for Attribute() | C.foo_on_A |
| code/class_super.py:92:9:92:21 | ControlFlowNode for Attribute() | X.foo |
| code/class_super.py:97:9:97:21 | ControlFlowNode for Attribute() | X.foo |
| code/class_super.py:97:9:97:21 | ControlFlowNode for Attribute() | Y.foo |
| code/class_super.py:101:1:101:7 | ControlFlowNode for Attribute() | Z.foo |
| code/class_super.py:108:1:108:8 | ControlFlowNode for Attribute() | Z.foo |
| code/def_in_function.py:22:5:22:11 | ControlFlowNode for Attribute() | test.A.foo |
| code/nested_class.py:83:9:83:16 | ControlFlowNode for Attribute() | X.class_def_in_func.Y.meth |
| code/underscore_prefix_func_name.py:14:5:14:19 | ControlFlowNode for some_function() | some_function |
