debug_missingAnnotationForCallable
debug_nonUniqueAnnotationForCallable
debug_missingAnnotationForCall
pointsTo_found_typeTracker_notFound
| code/class_simple.py:28:1:28:15 | Attribute() | code/class_simple.py:8:5:8:26 | Function some_method |
| code/class_simple.py:30:1:30:21 | Attribute() | code/class_simple.py:13:5:13:28 | Function some_staticmethod |
| code/class_simple.py:32:1:32:20 | Attribute() | code/class_simple.py:18:5:18:30 | Function some_classmethod |
| code/class_simple.py:35:1:35:21 | Attribute() | code/class_simple.py:13:5:13:28 | Function some_staticmethod |
| code/class_simple.py:37:1:37:20 | Attribute() | code/class_simple.py:18:5:18:30 | Function some_classmethod |
pointsTo_notFound_typeTracker_found
| code/underscore_prefix_func_name.py:16:5:16:19 | some_function() | code/underscore_prefix_func_name.py:10:1:10:20 | Function some_function |
