debug_missingAnnotationForCallable
debug_nonUniqueAnnotationForCallable
debug_missingAnnotationForCall
expectedCallEdgeNotFound
unexpectedCallEdgeFound
