edges
| file:///home/rasmus/.pyenv/versions/3.9.5/lib/python3.9/logging/__init__.py:283:23:283:26 | ControlFlowNode for args [List element] | file:///home/rasmus/.pyenv/versions/3.9.5/lib/python3.9/logging/__init__.py:310:20:310:23 | ControlFlowNode for args [List element] |
| file:///home/rasmus/.pyenv/versions/3.9.5/lib/python3.9/logging/__init__.py:310:20:310:23 | ControlFlowNode for args [List element] | file:///home/rasmus/.pyenv/versions/3.9.5/lib/python3.9/logging/__init__.py:310:20:310:26 | ControlFlowNode for Subscript |
| file:///home/rasmus/.pyenv/versions/3.9.5/lib/python3.9/logging/__init__.py:310:20:310:26 | ControlFlowNode for Subscript | file:///home/rasmus/.pyenv/versions/3.9.5/lib/python3.9/logging/__init__.py:311:21:311:24 | ControlFlowNode for args |
| file:///home/rasmus/.pyenv/versions/3.9.5/lib/python3.9/logging/__init__.py:311:21:311:24 | ControlFlowNode for args | file:///home/rasmus/.pyenv/versions/3.9.5/lib/python3.9/logging/__init__.py:311:9:311:12 | [post] ControlFlowNode for self [Attribute args] |
| file:///home/rasmus/.pyenv/versions/3.9.5/lib/python3.9/logging/__init__.py:939:22:939:27 | ControlFlowNode for record [Attribute args] | file:///home/rasmus/.pyenv/versions/3.9.5/lib/python3.9/logging/__init__.py:952:27:952:32 | ControlFlowNode for record [Attribute args] |
| file:///home/rasmus/.pyenv/versions/3.9.5/lib/python3.9/logging/__init__.py:952:27:952:32 | ControlFlowNode for record [Attribute args] | file:///home/rasmus/.pyenv/versions/3.9.5/lib/python3.9/logging/__init__.py:1071:20:1071:25 | ControlFlowNode for record [Attribute args] |
| file:///home/rasmus/.pyenv/versions/3.9.5/lib/python3.9/logging/__init__.py:952:27:952:32 | ControlFlowNode for record [Attribute args] | file:///home/rasmus/.pyenv/versions/3.9.5/lib/python3.9/logging/__init__.py:1178:20:1178:25 | ControlFlowNode for record [Attribute args] |
| file:///home/rasmus/.pyenv/versions/3.9.5/lib/python3.9/logging/__init__.py:989:27:989:32 | ControlFlowNode for record [Attribute args] | file:///home/rasmus/.pyenv/versions/3.9.5/lib/python3.9/logging/__init__.py:1023:59:1023:64 | ControlFlowNode for record [Attribute args] |
| file:///home/rasmus/.pyenv/versions/3.9.5/lib/python3.9/logging/__init__.py:1022:59:1023:69 | ControlFlowNode for Tuple | file:///home/rasmus/.pyenv/versions/3.9.5/lib/python3.9/logging/__init__.py:1021:38:1023:70 | ControlFlowNode for BinaryExpr |
| file:///home/rasmus/.pyenv/versions/3.9.5/lib/python3.9/logging/__init__.py:1023:59:1023:64 | ControlFlowNode for record [Attribute args] | file:///home/rasmus/.pyenv/versions/3.9.5/lib/python3.9/logging/__init__.py:1023:59:1023:69 | ControlFlowNode for Attribute |
| file:///home/rasmus/.pyenv/versions/3.9.5/lib/python3.9/logging/__init__.py:1023:59:1023:69 | ControlFlowNode for Attribute | file:///home/rasmus/.pyenv/versions/3.9.5/lib/python3.9/logging/__init__.py:1022:59:1023:69 | ControlFlowNode for Tuple |
| file:///home/rasmus/.pyenv/versions/3.9.5/lib/python3.9/logging/__init__.py:1071:20:1071:25 | ControlFlowNode for record [Attribute args] | file:///home/rasmus/.pyenv/versions/3.9.5/lib/python3.9/logging/__init__.py:1091:30:1091:35 | ControlFlowNode for record [Attribute args] |
| file:///home/rasmus/.pyenv/versions/3.9.5/lib/python3.9/logging/__init__.py:1091:30:1091:35 | ControlFlowNode for record [Attribute args] | file:///home/rasmus/.pyenv/versions/3.9.5/lib/python3.9/logging/__init__.py:989:27:989:32 | ControlFlowNode for record [Attribute args] |
| file:///home/rasmus/.pyenv/versions/3.9.5/lib/python3.9/logging/__init__.py:1178:20:1178:25 | ControlFlowNode for record [Attribute args] | file:///home/rasmus/.pyenv/versions/3.9.5/lib/python3.9/logging/__init__.py:1187:34:1187:39 | ControlFlowNode for record [Attribute args] |
| file:///home/rasmus/.pyenv/versions/3.9.5/lib/python3.9/logging/__init__.py:1187:34:1187:39 | ControlFlowNode for record [Attribute args] | file:///home/rasmus/.pyenv/versions/3.9.5/lib/python3.9/logging/__init__.py:1071:20:1071:25 | ControlFlowNode for record [Attribute args] |
| file:///home/rasmus/.pyenv/versions/3.9.5/lib/python3.9/logging/__init__.py:1424:27:1424:30 | ControlFlowNode for args [List element] | file:///home/rasmus/.pyenv/versions/3.9.5/lib/python3.9/logging/__init__.py:1434:35:1434:38 | ControlFlowNode for args [List element] |
| file:///home/rasmus/.pyenv/versions/3.9.5/lib/python3.9/logging/__init__.py:1434:35:1434:38 | ControlFlowNode for args [List element] | file:///home/rasmus/.pyenv/versions/3.9.5/lib/python3.9/logging/__init__.py:1565:32:1565:35 | ControlFlowNode for args [List element] |
| file:///home/rasmus/.pyenv/versions/3.9.5/lib/python3.9/logging/__init__.py:1436:26:1436:29 | ControlFlowNode for args [List element] | file:///home/rasmus/.pyenv/versions/3.9.5/lib/python3.9/logging/__init__.py:1446:34:1446:37 | ControlFlowNode for args [List element] |
| file:///home/rasmus/.pyenv/versions/3.9.5/lib/python3.9/logging/__init__.py:1446:34:1446:37 | ControlFlowNode for args [List element] | file:///home/rasmus/.pyenv/versions/3.9.5/lib/python3.9/logging/__init__.py:1565:32:1565:35 | ControlFlowNode for args [List element] |
| file:///home/rasmus/.pyenv/versions/3.9.5/lib/python3.9/logging/__init__.py:1497:32:1497:35 | ControlFlowNode for args [List element] | file:///home/rasmus/.pyenv/versions/3.9.5/lib/python3.9/logging/__init__.py:1512:35:1512:38 | ControlFlowNode for args [List element] |
| file:///home/rasmus/.pyenv/versions/3.9.5/lib/python3.9/logging/__init__.py:1512:35:1512:38 | ControlFlowNode for args [List element] | file:///home/rasmus/.pyenv/versions/3.9.5/lib/python3.9/logging/__init__.py:1565:32:1565:35 | ControlFlowNode for args [List element] |
| file:///home/rasmus/.pyenv/versions/3.9.5/lib/python3.9/logging/__init__.py:1550:53:1550:56 | ControlFlowNode for args [List element] | file:///home/rasmus/.pyenv/versions/3.9.5/lib/python3.9/logging/__init__.py:1556:59:1556:62 | ControlFlowNode for args [List element] |
| file:///home/rasmus/.pyenv/versions/3.9.5/lib/python3.9/logging/__init__.py:1556:14:1557:35 | ControlFlowNode for _logRecordFactory() [Attribute args] | file:///home/rasmus/.pyenv/versions/3.9.5/lib/python3.9/logging/__init__.py:1563:16:1563:17 | ControlFlowNode for rv [Attribute args] |
| file:///home/rasmus/.pyenv/versions/3.9.5/lib/python3.9/logging/__init__.py:1556:59:1556:62 | ControlFlowNode for args [List element] | file:///home/rasmus/.pyenv/versions/3.9.5/lib/python3.9/logging/__init__.py:283:23:283:26 | ControlFlowNode for args [List element] |
| file:///home/rasmus/.pyenv/versions/3.9.5/lib/python3.9/logging/__init__.py:1556:59:1556:62 | ControlFlowNode for args [List element] | file:///home/rasmus/.pyenv/versions/3.9.5/lib/python3.9/logging/__init__.py:1556:14:1557:35 | ControlFlowNode for _logRecordFactory() [Attribute args] |
| file:///home/rasmus/.pyenv/versions/3.9.5/lib/python3.9/logging/__init__.py:1565:32:1565:35 | ControlFlowNode for args [List element] | file:///home/rasmus/.pyenv/versions/3.9.5/lib/python3.9/logging/__init__.py:1587:66:1587:69 | ControlFlowNode for args [List element] |
| file:///home/rasmus/.pyenv/versions/3.9.5/lib/python3.9/logging/__init__.py:1587:18:1588:62 | ControlFlowNode for Attribute() [Attribute args] | file:///home/rasmus/.pyenv/versions/3.9.5/lib/python3.9/logging/__init__.py:1589:21:1589:26 | ControlFlowNode for record [Attribute args] |
| file:///home/rasmus/.pyenv/versions/3.9.5/lib/python3.9/logging/__init__.py:1587:66:1587:69 | ControlFlowNode for args [List element] | file:///home/rasmus/.pyenv/versions/3.9.5/lib/python3.9/logging/__init__.py:1550:53:1550:56 | ControlFlowNode for args [List element] |
| file:///home/rasmus/.pyenv/versions/3.9.5/lib/python3.9/logging/__init__.py:1587:66:1587:69 | ControlFlowNode for args [List element] | file:///home/rasmus/.pyenv/versions/3.9.5/lib/python3.9/logging/__init__.py:1587:18:1588:62 | ControlFlowNode for Attribute() [Attribute args] |
| file:///home/rasmus/.pyenv/versions/3.9.5/lib/python3.9/logging/__init__.py:1589:21:1589:26 | ControlFlowNode for record [Attribute args] | file:///home/rasmus/.pyenv/versions/3.9.5/lib/python3.9/logging/__init__.py:1591:22:1591:27 | ControlFlowNode for record [Attribute args] |
| file:///home/rasmus/.pyenv/versions/3.9.5/lib/python3.9/logging/__init__.py:1591:22:1591:27 | ControlFlowNode for record [Attribute args] | file:///home/rasmus/.pyenv/versions/3.9.5/lib/python3.9/logging/__init__.py:1599:31:1599:36 | ControlFlowNode for record [Attribute args] |
| file:///home/rasmus/.pyenv/versions/3.9.5/lib/python3.9/logging/__init__.py:1599:31:1599:36 | ControlFlowNode for record [Attribute args] | file:///home/rasmus/.pyenv/versions/3.9.5/lib/python3.9/logging/__init__.py:1645:28:1645:33 | ControlFlowNode for record [Attribute args] |
| file:///home/rasmus/.pyenv/versions/3.9.5/lib/python3.9/logging/__init__.py:1645:28:1645:33 | ControlFlowNode for record [Attribute args] | file:///home/rasmus/.pyenv/versions/3.9.5/lib/python3.9/logging/__init__.py:1669:39:1669:44 | ControlFlowNode for record [Attribute args] |
| file:///home/rasmus/.pyenv/versions/3.9.5/lib/python3.9/logging/__init__.py:1669:39:1669:44 | ControlFlowNode for record [Attribute args] | file:///home/rasmus/.pyenv/versions/3.9.5/lib/python3.9/logging/__init__.py:939:22:939:27 | ControlFlowNode for record [Attribute args] |
| file:///home/rasmus/.pyenv/versions/3.9.5/lib/python3.9/logging/__init__.py:2089:16:2089:19 | ControlFlowNode for args [List element] | file:///home/rasmus/.pyenv/versions/3.9.5/lib/python3.9/logging/__init__.py:2097:21:2097:24 | ControlFlowNode for args [List element] |
| file:///home/rasmus/.pyenv/versions/3.9.5/lib/python3.9/logging/__init__.py:2097:21:2097:24 | ControlFlowNode for args [List element] | file:///home/rasmus/.pyenv/versions/3.9.5/lib/python3.9/logging/__init__.py:1436:26:1436:29 | ControlFlowNode for args [List element] |
| file:///home/rasmus/.pyenv/versions/3.9.5/lib/python3.9/logging/__init__.py:2099:17:2099:20 | ControlFlowNode for args [List element] | file:///home/rasmus/.pyenv/versions/3.9.5/lib/python3.9/logging/__init__.py:2107:22:2107:25 | ControlFlowNode for args [List element] |
| file:///home/rasmus/.pyenv/versions/3.9.5/lib/python3.9/logging/__init__.py:2107:22:2107:25 | ControlFlowNode for args [List element] | file:///home/rasmus/.pyenv/versions/3.9.5/lib/python3.9/logging/__init__.py:1424:27:1424:30 | ControlFlowNode for args [List element] |
| test.py:19:16:19:29 | ControlFlowNode for get_password() | test.py:20:48:20:55 | ControlFlowNode for password |
| test.py:19:16:19:29 | ControlFlowNode for get_password() | test.py:20:48:20:55 | ControlFlowNode for password |
| test.py:19:16:19:29 | ControlFlowNode for get_password() | test.py:22:58:22:65 | ControlFlowNode for password |
| test.py:19:16:19:29 | ControlFlowNode for get_password() | test.py:22:58:22:65 | ControlFlowNode for password |
| test.py:19:16:19:29 | ControlFlowNode for get_password() | test.py:23:58:23:65 | ControlFlowNode for password |
| test.py:19:16:19:29 | ControlFlowNode for get_password() | test.py:23:58:23:65 | ControlFlowNode for password |
| test.py:19:16:19:29 | ControlFlowNode for get_password() | test.py:27:40:27:47 | ControlFlowNode for password |
| test.py:19:16:19:29 | ControlFlowNode for get_password() | test.py:27:40:27:47 | ControlFlowNode for password |
| test.py:19:16:19:29 | ControlFlowNode for get_password() | test.py:30:58:30:65 | ControlFlowNode for password |
| test.py:19:16:19:29 | ControlFlowNode for get_password() | test.py:30:58:30:65 | ControlFlowNode for password |
| test.py:20:48:20:55 | ControlFlowNode for password | file:///home/rasmus/.pyenv/versions/3.9.5/lib/python3.9/logging/__init__.py:2089:16:2089:19 | ControlFlowNode for args [List element] |
| test.py:22:58:22:65 | ControlFlowNode for password | file:///home/rasmus/.pyenv/versions/3.9.5/lib/python3.9/logging/__init__.py:1497:32:1497:35 | ControlFlowNode for args [List element] |
| test.py:23:58:23:65 | ControlFlowNode for password | file:///home/rasmus/.pyenv/versions/3.9.5/lib/python3.9/logging/__init__.py:1436:26:1436:29 | ControlFlowNode for args [List element] |
| test.py:27:40:27:47 | ControlFlowNode for password | file:///home/rasmus/.pyenv/versions/3.9.5/lib/python3.9/logging/__init__.py:1436:26:1436:29 | ControlFlowNode for args [List element] |
| test.py:30:58:30:65 | ControlFlowNode for password | file:///home/rasmus/.pyenv/versions/3.9.5/lib/python3.9/logging/__init__.py:1436:26:1436:29 | ControlFlowNode for args [List element] |
| test.py:34:30:34:39 | ControlFlowNode for get_cert() | file:///home/rasmus/.pyenv/versions/3.9.5/lib/python3.9/logging/__init__.py:2099:17:2099:20 | ControlFlowNode for args [List element] |
| test.py:65:14:68:5 | ControlFlowNode for Dict | test.py:69:11:69:31 | ControlFlowNode for Subscript |
| test.py:67:21:67:37 | ControlFlowNode for Attribute | test.py:65:14:68:5 | ControlFlowNode for Dict |
nodes
| file:///home/rasmus/.pyenv/versions/3.9.5/lib/python3.9/logging/__init__.py:283:23:283:26 | ControlFlowNode for args [List element] | semmle.label | ControlFlowNode for args [List element] |
| file:///home/rasmus/.pyenv/versions/3.9.5/lib/python3.9/logging/__init__.py:310:20:310:23 | ControlFlowNode for args [List element] | semmle.label | ControlFlowNode for args [List element] |
| file:///home/rasmus/.pyenv/versions/3.9.5/lib/python3.9/logging/__init__.py:310:20:310:26 | ControlFlowNode for Subscript | semmle.label | ControlFlowNode for Subscript |
| file:///home/rasmus/.pyenv/versions/3.9.5/lib/python3.9/logging/__init__.py:311:9:311:12 | [post] ControlFlowNode for self [Attribute args] | semmle.label | [post] ControlFlowNode for self [Attribute args] |
| file:///home/rasmus/.pyenv/versions/3.9.5/lib/python3.9/logging/__init__.py:311:21:311:24 | ControlFlowNode for args | semmle.label | ControlFlowNode for args |
| file:///home/rasmus/.pyenv/versions/3.9.5/lib/python3.9/logging/__init__.py:939:22:939:27 | ControlFlowNode for record [Attribute args] | semmle.label | ControlFlowNode for record [Attribute args] |
| file:///home/rasmus/.pyenv/versions/3.9.5/lib/python3.9/logging/__init__.py:952:27:952:32 | ControlFlowNode for record [Attribute args] | semmle.label | ControlFlowNode for record [Attribute args] |
| file:///home/rasmus/.pyenv/versions/3.9.5/lib/python3.9/logging/__init__.py:989:27:989:32 | ControlFlowNode for record [Attribute args] | semmle.label | ControlFlowNode for record [Attribute args] |
| file:///home/rasmus/.pyenv/versions/3.9.5/lib/python3.9/logging/__init__.py:1021:38:1023:70 | ControlFlowNode for BinaryExpr | semmle.label | ControlFlowNode for BinaryExpr |
| file:///home/rasmus/.pyenv/versions/3.9.5/lib/python3.9/logging/__init__.py:1022:59:1023:69 | ControlFlowNode for Tuple | semmle.label | ControlFlowNode for Tuple |
| file:///home/rasmus/.pyenv/versions/3.9.5/lib/python3.9/logging/__init__.py:1023:59:1023:64 | ControlFlowNode for record [Attribute args] | semmle.label | ControlFlowNode for record [Attribute args] |
| file:///home/rasmus/.pyenv/versions/3.9.5/lib/python3.9/logging/__init__.py:1023:59:1023:69 | ControlFlowNode for Attribute | semmle.label | ControlFlowNode for Attribute |
| file:///home/rasmus/.pyenv/versions/3.9.5/lib/python3.9/logging/__init__.py:1071:20:1071:25 | ControlFlowNode for record [Attribute args] | semmle.label | ControlFlowNode for record [Attribute args] |
| file:///home/rasmus/.pyenv/versions/3.9.5/lib/python3.9/logging/__init__.py:1091:30:1091:35 | ControlFlowNode for record [Attribute args] | semmle.label | ControlFlowNode for record [Attribute args] |
| file:///home/rasmus/.pyenv/versions/3.9.5/lib/python3.9/logging/__init__.py:1178:20:1178:25 | ControlFlowNode for record [Attribute args] | semmle.label | ControlFlowNode for record [Attribute args] |
| file:///home/rasmus/.pyenv/versions/3.9.5/lib/python3.9/logging/__init__.py:1187:34:1187:39 | ControlFlowNode for record [Attribute args] | semmle.label | ControlFlowNode for record [Attribute args] |
| file:///home/rasmus/.pyenv/versions/3.9.5/lib/python3.9/logging/__init__.py:1424:27:1424:30 | ControlFlowNode for args [List element] | semmle.label | ControlFlowNode for args [List element] |
| file:///home/rasmus/.pyenv/versions/3.9.5/lib/python3.9/logging/__init__.py:1434:35:1434:38 | ControlFlowNode for args [List element] | semmle.label | ControlFlowNode for args [List element] |
| file:///home/rasmus/.pyenv/versions/3.9.5/lib/python3.9/logging/__init__.py:1436:26:1436:29 | ControlFlowNode for args [List element] | semmle.label | ControlFlowNode for args [List element] |
| file:///home/rasmus/.pyenv/versions/3.9.5/lib/python3.9/logging/__init__.py:1446:34:1446:37 | ControlFlowNode for args [List element] | semmle.label | ControlFlowNode for args [List element] |
| file:///home/rasmus/.pyenv/versions/3.9.5/lib/python3.9/logging/__init__.py:1497:32:1497:35 | ControlFlowNode for args [List element] | semmle.label | ControlFlowNode for args [List element] |
| file:///home/rasmus/.pyenv/versions/3.9.5/lib/python3.9/logging/__init__.py:1512:35:1512:38 | ControlFlowNode for args [List element] | semmle.label | ControlFlowNode for args [List element] |
| file:///home/rasmus/.pyenv/versions/3.9.5/lib/python3.9/logging/__init__.py:1550:53:1550:56 | ControlFlowNode for args [List element] | semmle.label | ControlFlowNode for args [List element] |
| file:///home/rasmus/.pyenv/versions/3.9.5/lib/python3.9/logging/__init__.py:1556:14:1557:35 | ControlFlowNode for _logRecordFactory() [Attribute args] | semmle.label | ControlFlowNode for _logRecordFactory() [Attribute args] |
| file:///home/rasmus/.pyenv/versions/3.9.5/lib/python3.9/logging/__init__.py:1556:59:1556:62 | ControlFlowNode for args [List element] | semmle.label | ControlFlowNode for args [List element] |
| file:///home/rasmus/.pyenv/versions/3.9.5/lib/python3.9/logging/__init__.py:1563:16:1563:17 | ControlFlowNode for rv [Attribute args] | semmle.label | ControlFlowNode for rv [Attribute args] |
| file:///home/rasmus/.pyenv/versions/3.9.5/lib/python3.9/logging/__init__.py:1565:32:1565:35 | ControlFlowNode for args [List element] | semmle.label | ControlFlowNode for args [List element] |
| file:///home/rasmus/.pyenv/versions/3.9.5/lib/python3.9/logging/__init__.py:1587:18:1588:62 | ControlFlowNode for Attribute() [Attribute args] | semmle.label | ControlFlowNode for Attribute() [Attribute args] |
| file:///home/rasmus/.pyenv/versions/3.9.5/lib/python3.9/logging/__init__.py:1587:66:1587:69 | ControlFlowNode for args [List element] | semmle.label | ControlFlowNode for args [List element] |
| file:///home/rasmus/.pyenv/versions/3.9.5/lib/python3.9/logging/__init__.py:1589:21:1589:26 | ControlFlowNode for record [Attribute args] | semmle.label | ControlFlowNode for record [Attribute args] |
| file:///home/rasmus/.pyenv/versions/3.9.5/lib/python3.9/logging/__init__.py:1591:22:1591:27 | ControlFlowNode for record [Attribute args] | semmle.label | ControlFlowNode for record [Attribute args] |
| file:///home/rasmus/.pyenv/versions/3.9.5/lib/python3.9/logging/__init__.py:1599:31:1599:36 | ControlFlowNode for record [Attribute args] | semmle.label | ControlFlowNode for record [Attribute args] |
| file:///home/rasmus/.pyenv/versions/3.9.5/lib/python3.9/logging/__init__.py:1645:28:1645:33 | ControlFlowNode for record [Attribute args] | semmle.label | ControlFlowNode for record [Attribute args] |
| file:///home/rasmus/.pyenv/versions/3.9.5/lib/python3.9/logging/__init__.py:1669:39:1669:44 | ControlFlowNode for record [Attribute args] | semmle.label | ControlFlowNode for record [Attribute args] |
| file:///home/rasmus/.pyenv/versions/3.9.5/lib/python3.9/logging/__init__.py:2089:16:2089:19 | ControlFlowNode for args [List element] | semmle.label | ControlFlowNode for args [List element] |
| file:///home/rasmus/.pyenv/versions/3.9.5/lib/python3.9/logging/__init__.py:2097:21:2097:24 | ControlFlowNode for args [List element] | semmle.label | ControlFlowNode for args [List element] |
| file:///home/rasmus/.pyenv/versions/3.9.5/lib/python3.9/logging/__init__.py:2099:17:2099:20 | ControlFlowNode for args [List element] | semmle.label | ControlFlowNode for args [List element] |
| file:///home/rasmus/.pyenv/versions/3.9.5/lib/python3.9/logging/__init__.py:2107:22:2107:25 | ControlFlowNode for args [List element] | semmle.label | ControlFlowNode for args [List element] |
| test.py:19:16:19:29 | ControlFlowNode for get_password() | semmle.label | ControlFlowNode for get_password() |
| test.py:20:48:20:55 | ControlFlowNode for password | semmle.label | ControlFlowNode for password |
| test.py:20:48:20:55 | ControlFlowNode for password | semmle.label | ControlFlowNode for password |
| test.py:22:58:22:65 | ControlFlowNode for password | semmle.label | ControlFlowNode for password |
| test.py:22:58:22:65 | ControlFlowNode for password | semmle.label | ControlFlowNode for password |
| test.py:23:58:23:65 | ControlFlowNode for password | semmle.label | ControlFlowNode for password |
| test.py:23:58:23:65 | ControlFlowNode for password | semmle.label | ControlFlowNode for password |
| test.py:27:40:27:47 | ControlFlowNode for password | semmle.label | ControlFlowNode for password |
| test.py:27:40:27:47 | ControlFlowNode for password | semmle.label | ControlFlowNode for password |
| test.py:30:58:30:65 | ControlFlowNode for password | semmle.label | ControlFlowNode for password |
| test.py:30:58:30:65 | ControlFlowNode for password | semmle.label | ControlFlowNode for password |
| test.py:34:30:34:39 | ControlFlowNode for get_cert() | semmle.label | ControlFlowNode for get_cert() |
| test.py:34:30:34:39 | ControlFlowNode for get_cert() | semmle.label | ControlFlowNode for get_cert() |
| test.py:37:11:37:24 | ControlFlowNode for get_password() | semmle.label | ControlFlowNode for get_password() |
| test.py:39:22:39:35 | ControlFlowNode for get_password() | semmle.label | ControlFlowNode for get_password() |
| test.py:40:22:40:35 | ControlFlowNode for get_password() | semmle.label | ControlFlowNode for get_password() |
| test.py:65:14:68:5 | ControlFlowNode for Dict | semmle.label | ControlFlowNode for Dict |
| test.py:67:21:67:37 | ControlFlowNode for Attribute | semmle.label | ControlFlowNode for Attribute |
| test.py:69:11:69:31 | ControlFlowNode for Subscript | semmle.label | ControlFlowNode for Subscript |
subpaths
| file:///home/rasmus/.pyenv/versions/3.9.5/lib/python3.9/logging/__init__.py:1556:59:1556:62 | ControlFlowNode for args [List element] | file:///home/rasmus/.pyenv/versions/3.9.5/lib/python3.9/logging/__init__.py:283:23:283:26 | ControlFlowNode for args [List element] | file:///home/rasmus/.pyenv/versions/3.9.5/lib/python3.9/logging/__init__.py:311:9:311:12 | [post] ControlFlowNode for self [Attribute args] | file:///home/rasmus/.pyenv/versions/3.9.5/lib/python3.9/logging/__init__.py:1556:14:1557:35 | ControlFlowNode for _logRecordFactory() [Attribute args] |
| file:///home/rasmus/.pyenv/versions/3.9.5/lib/python3.9/logging/__init__.py:1587:66:1587:69 | ControlFlowNode for args [List element] | file:///home/rasmus/.pyenv/versions/3.9.5/lib/python3.9/logging/__init__.py:1550:53:1550:56 | ControlFlowNode for args [List element] | file:///home/rasmus/.pyenv/versions/3.9.5/lib/python3.9/logging/__init__.py:1563:16:1563:17 | ControlFlowNode for rv [Attribute args] | file:///home/rasmus/.pyenv/versions/3.9.5/lib/python3.9/logging/__init__.py:1587:18:1588:62 | ControlFlowNode for Attribute() [Attribute args] |
#select
| file:///home/rasmus/.pyenv/versions/3.9.5/lib/python3.9/logging/__init__.py:1021:38:1023:70 | ControlFlowNode for BinaryExpr | test.py:19:16:19:29 | ControlFlowNode for get_password() | file:///home/rasmus/.pyenv/versions/3.9.5/lib/python3.9/logging/__init__.py:1021:38:1023:70 | ControlFlowNode for BinaryExpr | This expression logs $@ as clear text. | test.py:19:16:19:29 | ControlFlowNode for get_password() | sensitive data (password) |
| file:///home/rasmus/.pyenv/versions/3.9.5/lib/python3.9/logging/__init__.py:1021:38:1023:70 | ControlFlowNode for BinaryExpr | test.py:34:30:34:39 | ControlFlowNode for get_cert() | file:///home/rasmus/.pyenv/versions/3.9.5/lib/python3.9/logging/__init__.py:1021:38:1023:70 | ControlFlowNode for BinaryExpr | This expression logs $@ as clear text. | test.py:34:30:34:39 | ControlFlowNode for get_cert() | sensitive data (certificate) |
| test.py:20:48:20:55 | ControlFlowNode for password | test.py:19:16:19:29 | ControlFlowNode for get_password() | test.py:20:48:20:55 | ControlFlowNode for password | This expression logs $@ as clear text. | test.py:19:16:19:29 | ControlFlowNode for get_password() | sensitive data (password) |
| test.py:22:58:22:65 | ControlFlowNode for password | test.py:19:16:19:29 | ControlFlowNode for get_password() | test.py:22:58:22:65 | ControlFlowNode for password | This expression logs $@ as clear text. | test.py:19:16:19:29 | ControlFlowNode for get_password() | sensitive data (password) |
| test.py:23:58:23:65 | ControlFlowNode for password | test.py:19:16:19:29 | ControlFlowNode for get_password() | test.py:23:58:23:65 | ControlFlowNode for password | This expression logs $@ as clear text. | test.py:19:16:19:29 | ControlFlowNode for get_password() | sensitive data (password) |
| test.py:27:40:27:47 | ControlFlowNode for password | test.py:19:16:19:29 | ControlFlowNode for get_password() | test.py:27:40:27:47 | ControlFlowNode for password | This expression logs $@ as clear text. | test.py:19:16:19:29 | ControlFlowNode for get_password() | sensitive data (password) |
| test.py:30:58:30:65 | ControlFlowNode for password | test.py:19:16:19:29 | ControlFlowNode for get_password() | test.py:30:58:30:65 | ControlFlowNode for password | This expression logs $@ as clear text. | test.py:19:16:19:29 | ControlFlowNode for get_password() | sensitive data (password) |
| test.py:34:30:34:39 | ControlFlowNode for get_cert() | test.py:34:30:34:39 | ControlFlowNode for get_cert() | test.py:34:30:34:39 | ControlFlowNode for get_cert() | This expression logs $@ as clear text. | test.py:34:30:34:39 | ControlFlowNode for get_cert() | sensitive data (certificate) |
| test.py:37:11:37:24 | ControlFlowNode for get_password() | test.py:37:11:37:24 | ControlFlowNode for get_password() | test.py:37:11:37:24 | ControlFlowNode for get_password() | This expression logs $@ as clear text. | test.py:37:11:37:24 | ControlFlowNode for get_password() | sensitive data (password) |
| test.py:39:22:39:35 | ControlFlowNode for get_password() | test.py:39:22:39:35 | ControlFlowNode for get_password() | test.py:39:22:39:35 | ControlFlowNode for get_password() | This expression logs $@ as clear text. | test.py:39:22:39:35 | ControlFlowNode for get_password() | sensitive data (password) |
| test.py:40:22:40:35 | ControlFlowNode for get_password() | test.py:40:22:40:35 | ControlFlowNode for get_password() | test.py:40:22:40:35 | ControlFlowNode for get_password() | This expression logs $@ as clear text. | test.py:40:22:40:35 | ControlFlowNode for get_password() | sensitive data (password) |
| test.py:69:11:69:31 | ControlFlowNode for Subscript | test.py:67:21:67:37 | ControlFlowNode for Attribute | test.py:69:11:69:31 | ControlFlowNode for Subscript | This expression logs $@ as clear text. | test.py:67:21:67:37 | ControlFlowNode for Attribute | sensitive data (password) |
