| classes.py:45:16:45:35 | ControlFlowNode for Attribute() | classes.py:49:16:49:25 | ControlFlowNode for With_new() |
