| test.py:41:1:41:33 | GSSA Variable NONSOURCE | test.py:42:10:42:18 | ControlFlowNode for NONSOURCE |
| test.py:41:1:41:33 | GSSA Variable SINK | test.py:44:5:44:8 | ControlFlowNode for SINK |
| test.py:41:1:41:33 | GSSA Variable SOURCE | test.py:42:21:42:26 | ControlFlowNode for SOURCE |
| test.py:42:5:42:5 | SSA variable x | test.py:43:9:43:9 | ControlFlowNode for x |
| test.py:42:10:42:26 | ControlFlowNode for Tuple | test.py:42:5:42:5 | SSA variable x |
| test.py:43:5:43:5 | SSA variable y | test.py:44:10:44:10 | ControlFlowNode for y |
| test.py:43:9:43:12 | ControlFlowNode for Subscript | test.py:43:5:43:5 | SSA variable y |
| test.py:187:1:187:53 | GSSA Variable SINK | test.py:189:5:189:8 | ControlFlowNode for SINK |
| test.py:187:1:187:53 | GSSA Variable SOURCE | test.py:188:25:188:30 | ControlFlowNode for SOURCE |
| test.py:188:5:188:5 | SSA variable x | test.py:189:10:189:10 | ControlFlowNode for x |
| test.py:188:9:188:68 | ControlFlowNode for ListComp | test.py:188:5:188:5 | SSA variable x |
