failures
debug_callableNotUnique
pointsTo_found_typeTracker_notFound
pointsTo_notFound_typeTracker_found
