edges
| summaries.py:44:25:44:32 | ControlFlowNode for List | summaries.py:45:6:45:20 | ControlFlowNode for Subscript |
| summaries.py:44:26:44:31 | ControlFlowNode for SOURCE | summaries.py:44:25:44:32 | ControlFlowNode for List |
| summaries.py:67:33:67:38 | ControlFlowNode for SOURCE | summaries.py:68:6:68:26 | ControlFlowNode for Subscript |
nodes
| summaries.py:44:25:44:32 | ControlFlowNode for List | semmle.label | ControlFlowNode for List |
| summaries.py:44:26:44:31 | ControlFlowNode for SOURCE | semmle.label | ControlFlowNode for SOURCE |
| summaries.py:45:6:45:20 | ControlFlowNode for Subscript | semmle.label | ControlFlowNode for Subscript |
| summaries.py:67:33:67:38 | ControlFlowNode for SOURCE | semmle.label | ControlFlowNode for SOURCE |
| summaries.py:68:6:68:26 | ControlFlowNode for Subscript | semmle.label | ControlFlowNode for Subscript |
subpaths
invalidSpecComponent
| append_to_list | Argument[0] | Argument[0] |
| append_to_list | Argument[1] | Argument[1] |
| apply_lambda | Argument[0].Parameter[0] | Argument[0] |
| apply_lambda | Argument[0].Parameter[0] | Parameter[0] |
| apply_lambda | Argument[0].ReturnValue | Argument[0] |
| apply_lambda | Argument[1] | Argument[1] |
| builtins.reversed | Argument[0].ListElement | Argument[0] |
| identity | Argument[0] | Argument[0] |
| json.loads | Argument[0] | Argument[0] |
| list_map | Argument[0].Parameter[0] | Argument[0] |
| list_map | Argument[0].Parameter[0] | Parameter[0] |
| list_map | Argument[0].ReturnValue | Argument[0] |
| list_map | Argument[1].ListElement | Argument[1] |
| reversed | Argument[0].ListElement | Argument[0] |
#select
| summaries.py:45:6:45:20 | ControlFlowNode for Subscript | summaries.py:44:26:44:31 | ControlFlowNode for SOURCE | summaries.py:45:6:45:20 | ControlFlowNode for Subscript | $@ | summaries.py:44:26:44:31 | ControlFlowNode for SOURCE | ControlFlowNode for SOURCE |
| summaries.py:68:6:68:26 | ControlFlowNode for Subscript | summaries.py:67:33:67:38 | ControlFlowNode for SOURCE | summaries.py:68:6:68:26 | ControlFlowNode for Subscript | $@ | summaries.py:67:33:67:38 | ControlFlowNode for SOURCE | ControlFlowNode for SOURCE |
